// Jest Snapshot v1, https://goo.gl/fbAQLP

exports[`Comments Renders correctly 1`] = `
<v-card-stub loaderheight="4" tag="div">
  <v-container-stub tag="div">
    <h2>Comments:</h2>
    <v-card-stub loaderheight="4" tag="div" maxheight="700" flat="true" class="overflow-y-auto"></v-card-stub> <br>
    <v-textarea-stub errorcount="1" errormessages="" messages="" rules="v => (v || '').length <= len || \`Invalid character length, must be less than \${len}\`" successmessages="" value="" backgroundcolor="" label="New Comment" loaderheight="2" clearicon="$clear" counter="256" outlined="true" type="text" rowheight="24" rows="5" name="newComment"></v-textarea-stub>
    <v-container-stub tag="div">
      <v-row-stub tag="div" justify="end">
        <v-btn-stub tag="button" activeclass="" disabled="true" type="button">Submit</v-btn-stub>
      </v-row-stub>
    </v-container-stub>
  </v-container-stub>
</v-card-stub>
`;
