// Jest Snapshot v1, https://goo.gl/fbAQLP

exports[`Header Renders correctly 1`] = `
<v-toolbar-stub height="100" dark="true" tag="header" tile="true" extensionheight="48" src="">
  <router-link-stub to="/" tag="a" event="click"><img src="" class="logo"> <img src="" height="50px"></router-link-stub>
  <v-spacer-stub></v-spacer-stub>
  <v-toolbar-items-stub>
    <v-btn-stub tag="button" activeclass="" to="/" text="true" type="button" class="item">Projects</v-btn-stub>
    <v-btn-stub tag="button" activeclass="" to="/my-projects" text="true" type="button" class="item">My Projects</v-btn-stub>
    <v-btn-stub tag="button" activeclass="" to="/create" text="true" type="button" class="item">Create Project</v-btn-stub>
    <v-btn-stub tag="button" activeclass="" to="/applications" text="true" type="button" class="item">Applications</v-btn-stub>
    <v-btn-stub tag="button" activeclass="" to="/about" text="true" type="button" class="item">About</v-btn-stub>
  </v-toolbar-items-stub>
  <v-btn-stub tag="button" activeclass="" icon="true" type="button">
    <v-icon-stub>mdi-bell</v-icon-stub>
  </v-btn-stub>
  <v-btn-stub tag="button" activeclass="" to="/account" icon="true" type="button">
    <v-icon-stub>mdi-account-circle</v-icon-stub>
  </v-btn-stub>
</v-toolbar-stub>
`;
