// Jest Snapshot v1, https://goo.gl/fbAQLP

exports[`ProjectList Renders correctly 1`] = `
<v-container-stub tag="div" fluid="true" sortby="new" order="descending">
  <v-data-table-stub items="" options="[object Object]" sortby="" sortdesc="" customsort="function sortItems(items, sortBy, sortDesc, locale, customSorters) {
          if (sortBy === null || !sortBy.length) return items;
          var stringCollator = new Intl.Collator(locale, {
            sensitivity: 'accent',
            usage: 'sort'
          });
          return items.sort(function (a, b) {
            var _a, _b;

            for (var i = 0; i < sortBy.length; i++) {
              var sortKey = sortBy[i];
              var sortA = getObjectValueByPath(a, sortKey);
              var sortB = getObjectValueByPath(b, sortKey);

              if (sortDesc[i]) {
                _a = __read([sortB, sortA], 2), sortA = _a[0], sortB = _a[1];
              }

              if (customSorters &amp;&amp; customSorters[sortKey]) {
                var customResult = customSorters[sortKey](sortA, sortB);
                if (!customResult) continue;
                return customResult;
              } // Check if both cannot be evaluated


              if (sortA === null &amp;&amp; sortB === null) {
                continue;
              }

              _b = __read([sortA, sortB].map(function (s) {
                return (s || '').toString().toLocaleLowerCase();
              }), 2), sortA = _b[0], sortB = _b[1];

              if (sortA !== sortB) {
                if (!isNaN(sortA) &amp;&amp; !isNaN(sortB)) return Number(sortA) - Number(sortB);
                return stringCollator.compare(sortA, sortB);
              }
            }

            return 0;
          });
        }" page="1" itemsperpage="15" groupby="" groupdesc="" locale="en-US" customfilter="function defaultFilter(value, search, item) {
          return value != null &amp;&amp; search != null &amp;&amp; typeof value !== 'boolean' &amp;&amp; value.toString().toLocaleLowerCase().indexOf(search.toLocaleLowerCase()) !== -1;
        }" serveritemslength="-1" itemkey="id" value="" expanded="" noresultstext="$vuetify.dataIterator.noResultsText" nodatatext="$vuetify.noDataText" loadingtext="$vuetify.dataIterator.loadingText" headers="[object Object],[object Object],[object Object]" mobilebreakpoint="600" expandicon="$expand" class="elevation-1"></v-data-table-stub>
</v-container-stub>
`;
