// Jest Snapshot v1, https://goo.gl/fbAQLP

exports[`Project Renders correctly 1`] = `
<v-container-stub tag="div">
  <v-row-stub tag="div">
    <v-col-stub cols="12" sm="8" tag="div">
      <projectmain-stub></projectmain-stub>
      <p></p>
      <projectboard-stub boarditems="[object Object],[object Object],[object Object]"></projectboard-stub>
    </v-col-stub>
    <v-col-stub cols="12" sm="4" tag="div">
      <apply-stub></apply-stub>
      <p></p>
      <contactinfo-stub members="" advisors=""></contactinfo-stub>
      <p></p>
      <comments-stub comments="[object Object],[object Object],[object Object],[object Object],[object Object],[object Object],[object Object]"></comments-stub>
    </v-col-stub>
  </v-row-stub>
</v-container-stub>
`;
